Body(
If(Condition: Expression(Variable(c), [Constant(0)]), ThenBlock: Body(
Assignment(Variable(a), Function(b, []))
If(Condition: Expression(Variable(c), [Constant(3)]), ThenBlock: Body(
Assignment(Variable(a), Function(f, [Variable(a)]))), ElseBlock: Body(
Assignment(Variable(c), Function(d, [Variable(a)]))))), ElseBlock: Body())
Function(e, [Variable(a), Variable(c)]))
-----EVALUATE----
CONSIDERING PATTERN  {'vulnerability': 'A', 'sources': ['f'], 'sanitizers': ['t'], 'sinks': ['e'], 'implicit': 'no'}
Running: If(Condition: Expression(Variable(c), [Constant(0)]), ThenBlock: Body(
Assignment(Variable(a), Function(b, []))
If(Condition: Expression(Variable(c), [Constant(3)]), ThenBlock: Body(
Assignment(Variable(a), Function(f, [Variable(a)]))), ElseBlock: Body(
Assignment(Variable(c), Function(d, [Variable(a)]))))), ElseBlock: Body())
Running: Function(e, [Variable(a), Variable(c)])
FINDING ERROR sink: e expression: Variable(a)
expression:  Variable(a)
FOUND ERROR: sink:'e' and source:'a' sanitizers:'[]'
expression:  None
FINDING ERROR sink: e expression: Variable(c)
expression:  Variable(c)
FOUND ERROR: sink:'e' and source:'c' sanitizers:'[]'
expression:  None
Running: Assignment(Variable(a), Function(b, []))
Running: If(Condition: Expression(Variable(c), [Constant(3)]), ThenBlock: Body(
Assignment(Variable(a), Function(f, [Variable(a)]))), ElseBlock: Body(
Assignment(Variable(c), Function(d, [Variable(a)]))))
Running: Assignment(Variable(c), Function(d, [Variable(a)]))
Running: Function(e, [Variable(a), Variable(c)])
Running: Assignment(Variable(a), Function(f, [Variable(a)]))
Running: Function(e, [Variable(a), Variable(c)])
FINDING ERROR sink: e expression: Variable(a)
expression:  Variable(a)
expression:  Function(f, [Variable(a)])
expression:  Variable(a)
expression:  Function(f, [Variable(a)])
expression:  Variable(a)
expression:  Function(f, [Variable(a)])
expression:  Variable(a)
expression:  Function(f, [Variable(a)])
expression:  Variable(a)
expression:  Function(f, [Variable(a)])
expression:  Variable(a)
expression:  Function(f, [Variable(a)])
expression:  Variable(a)
expression:  Function(f, [Variable(a)])
expression:  Variable(a)
expression:  Function(f, [Variable(a)])
expression:  Variable(a)
expression:  Function(f, [Variable(a)])
expression:  Variable(a)
expression:  Function(f, [Variable(a)])
expression:  Variable(a)
expression:  Function(f, [Variable(a)])
expression:  Variable(a)
expression:  Function(f, [Variable(a)])
expression:  Variable(a)
expression:  Function(f, [Variable(a)])
expression:  Variable(a)
expression:  Function(f, [Variable(a)])
expression:  Variable(a)
expression:  Function(f, [Variable(a)])
expression:  Variable(a)
expression:  Function(f, [Variable(a)])
expression:  Variable(a)
expression:  Function(f, [Variable(a)])
expression:  Variable(a)
expression:  Function(f, [Variable(a)])
expression:  Variable(a)
expression:  Function(f, [Variable(a)])
expression:  Variable(a)
expression:  Function(f, [Variable(a)])
expression:  Variable(a)
expression:  Function(f, [Variable(a)])
expression:  Variable(a)
expression:  Function(f, [Variable(a)])
expression:  Variable(a)
expression:  Function(f, [Variable(a)])
expression:  Variable(a)
expression:  Function(f, [Variable(a)])
expression:  Variable(a)
expression:  Function(f, [Variable(a)])
expression:  Variable(a)
expression:  Function(f, [Variable(a)])
expression:  Variable(a)
expression:  Function(f, [Variable(a)])
expression:  Variable(a)
expression:  Function(f, [Variable(a)])
expression:  Variable(a)
expression:  Function(f, [Variable(a)])
expression:  Variable(a)
expression:  Function(f, [Variable(a)])
expression:  Variable(a)
expression:  Function(f, [Variable(a)])
expression:  Variable(a)
expression:  Function(f, [Variable(a)])
expression:  Variable(a)
expression:  Function(f, [Variable(a)])
expression:  Variable(a)
expression:  Function(f, [Variable(a)])
expression:  Variable(a)
expression:  Function(f, [Variable(a)])
expression:  Variable(a)
expression:  Function(f, [Variable(a)])
expression:  Variable(a)
expression:  Function(f, [Variable(a)])
expression:  Variable(a)
expression:  Function(f, [Variable(a)])
expression:  Variable(a)
expression:  Function(f, [Variable(a)])
expression:  Variable(a)
expression:  Function(f, [Variable(a)])
expression:  Variable(a)
expression:  Function(f, [Variable(a)])
expression:  Variable(a)
expression:  Function(f, [Variable(a)])
expression:  Variable(a)
expression:  Function(f, [Variable(a)])
expression:  Variable(a)
expression:  Function(f, [Variable(a)])
expression:  Variable(a)
expression:  Function(f, [Variable(a)])
expression:  Variable(a)
expression:  Function(f, [Variable(a)])
expression:  Variable(a)
expression:  Function(f, [Variable(a)])
expression:  Variable(a)
expression:  Function(f, [Variable(a)])
expression:  Variable(a)
expression:  Function(f, [Variable(a)])
expression:  Variable(a)
expression:  Function(f, [Variable(a)])
expression:  Variable(a)
expression:  Function(f, [Variable(a)])
expression:  Variable(a)
expression:  Function(f, [Variable(a)])
expression:  Variable(a)
expression:  Function(f, [Variable(a)])
expression:  Variable(a)
expression:  Function(f, [Variable(a)])
expression:  Variable(a)
expression:  Function(f, [Variable(a)])
expression:  Variable(a)
expression:  Function(f, [Variable(a)])
expression:  Variable(a)
expression:  Function(f, [Variable(a)])
expression:  Variable(a)
expression:  Function(f, [Variable(a)])
expression:  Variable(a)
expression:  Function(f, [Variable(a)])
expression:  Variable(a)
expression:  Function(f, [Variable(a)])
expression:  Variable(a)
expression:  Function(f, [Variable(a)])
expression:  Variable(a)
expression:  Function(f, [Variable(a)])
expression:  Variable(a)
expression:  Function(f, [Variable(a)])
expression:  Variable(a)
expression:  Function(f, [Variable(a)])
expression:  Variable(a)
expression:  Function(f, [Variable(a)])
expression:  Variable(a)
expression:  Function(f, [Variable(a)])
expression:  Variable(a)
expression:  Function(f, [Variable(a)])
expression:  Variable(a)
expression:  Function(f, [Variable(a)])
expression:  Variable(a)
expression:  Function(f, [Variable(a)])
expression:  Variable(a)
expression:  Function(f, [Variable(a)])
expression:  Variable(a)
expression:  Function(f, [Variable(a)])
expression:  Variable(a)
expression:  Function(f, [Variable(a)])
expression:  Variable(a)
expression:  Function(f, [Variable(a)])
expression:  Variable(a)
expression:  Function(f, [Variable(a)])
expression:  Variable(a)
expression:  Function(f, [Variable(a)])
expression:  Variable(a)
expression:  Function(f, [Variable(a)])
expression:  Variable(a)
expression:  Function(f, [Variable(a)])
expression:  Variable(a)
expression:  Function(f, [Variable(a)])
expression:  Variable(a)
expression:  Function(f, [Variable(a)])
expression:  Variable(a)
expression:  Function(f, [Variable(a)])
expression:  Variable(a)
expression:  Function(f, [Variable(a)])
expression:  Variable(a)
expression:  Function(f, [Variable(a)])
expression:  Variable(a)
expression:  Function(f, [Variable(a)])
expression:  Variable(a)
expression:  Function(f, [Variable(a)])
expression:  Variable(a)
expression:  Function(f, [Variable(a)])
expression:  Variable(a)
expression:  Function(f, [Variable(a)])
expression:  Variable(a)
expression:  Function(f, [Variable(a)])
expression:  Variable(a)
expression:  Function(f, [Variable(a)])
expression:  Variable(a)
expression:  Function(f, [Variable(a)])
expression:  Variable(a)
expression:  Function(f, [Variable(a)])
expression:  Variable(a)
expression:  Function(f, [Variable(a)])
expression:  Variable(a)
expression:  Function(f, [Variable(a)])
expression:  Variable(a)
expression:  Function(f, [Variable(a)])
expression:  Variable(a)
expression:  Function(f, [Variable(a)])
expression:  Variable(a)
expression:  Function(f, [Variable(a)])
expression:  Variable(a)
expression:  Function(f, [Variable(a)])
expression:  Variable(a)
expression:  Function(f, [Variable(a)])
expression:  Variable(a)
expression:  Function(f, [Variable(a)])
expression:  Variable(a)
expression:  Function(f, [Variable(a)])
expression:  Variable(a)
expression:  Function(f, [Variable(a)])
expression:  Variable(a)
expression:  Function(f, [Variable(a)])
expression:  Variable(a)
expression:  Function(f, [Variable(a)])
expression:  Variable(a)
expression:  Function(f, [Variable(a)])
expression:  Variable(a)
expression:  Function(f, [Variable(a)])
expression:  Variable(a)
expression:  Function(f, [Variable(a)])
expression:  Variable(a)
expression:  Function(f, [Variable(a)])
expression:  Variable(a)
expression:  Function(f, [Variable(a)])
expression:  Variable(a)
expression:  Function(f, [Variable(a)])
expression:  Variable(a)
expression:  Function(f, [Variable(a)])
expression:  Variable(a)
expression:  Function(f, [Variable(a)])
expression:  Variable(a)
expression:  Function(f, [Variable(a)])
expression:  Variable(a)
expression:  Function(f, [Variable(a)])
expression:  Variable(a)
expression:  Function(f, [Variable(a)])
expression:  Variable(a)
expression:  Function(f, [Variable(a)])
expression:  Variable(a)
expression:  Function(f, [Variable(a)])
expression:  Variable(a)
expression:  Function(f, [Variable(a)])
expression:  Variable(a)
expression:  Function(f, [Variable(a)])
expression:  Variable(a)
expression:  Function(f, [Variable(a)])
expression:  Variable(a)
expression:  Function(f, [Variable(a)])
expression:  Variable(a)
expression:  Function(f, [Variable(a)])
expression:  Variable(a)
expression:  Function(f, [Variable(a)])
expression:  Variable(a)
expression:  Function(f, [Variable(a)])
expression:  Variable(a)
expression:  Function(f, [Variable(a)])
expression:  Variable(a)
expression:  Function(f, [Variable(a)])
expression:  Variable(a)
expression:  Function(f, [Variable(a)])
expression:  Variable(a)
expression:  Function(f, [Variable(a)])
expression:  Variable(a)
expression:  Function(f, [Variable(a)])
expression:  Variable(a)
expression:  Function(f, [Variable(a)])
expression:  Variable(a)
expression:  Function(f, [Variable(a)])
expression:  Variable(a)
expression:  Function(f, [Variable(a)])
expression:  Variable(a)
expression:  Function(f, [Variable(a)])
expression:  Variable(a)
expression:  Function(f, [Variable(a)])
expression:  Variable(a)
expression:  Function(f, [Variable(a)])
expression:  Variable(a)
expression:  Function(f, [Variable(a)])
expression:  Variable(a)
expression:  Function(f, [Variable(a)])
expression:  Variable(a)
expression:  Function(f, [Variable(a)])
expression:  Variable(a)
expression:  Function(f, [Variable(a)])
expression:  Variable(a)
expression:  Function(f, [Variable(a)])
expression:  Variable(a)
expression:  Function(f, [Variable(a)])
expression:  Variable(a)
expression:  Function(f, [Variable(a)])
expression:  Variable(a)
expression:  Function(f, [Variable(a)])
expression:  Variable(a)
expression:  Function(f, [Variable(a)])
expression:  Variable(a)
expression:  Function(f, [Variable(a)])
expression:  Variable(a)
expression:  Function(f, [Variable(a)])
expression:  Variable(a)
expression:  Function(f, [Variable(a)])
expression:  Variable(a)
expression:  Function(f, [Variable(a)])
expression:  Variable(a)
expression:  Function(f, [Variable(a)])
expression:  Variable(a)
expression:  Function(f, [Variable(a)])
expression:  Variable(a)
expression:  Function(f, [Variable(a)])
expression:  Variable(a)
expression:  Function(f, [Variable(a)])
expression:  Variable(a)
expression:  Function(f, [Variable(a)])
expression:  Variable(a)
expression:  Function(f, [Variable(a)])
expression:  Variable(a)
expression:  Function(f, [Variable(a)])
expression:  Variable(a)
expression:  Function(f, [Variable(a)])
expression:  Variable(a)
expression:  Function(f, [Variable(a)])
expression:  Variable(a)
expression:  Function(f, [Variable(a)])
expression:  Variable(a)
expression:  Function(f, [Variable(a)])
expression:  Variable(a)
expression:  Function(f, [Variable(a)])
expression:  Variable(a)
expression:  Function(f, [Variable(a)])
expression:  Variable(a)
expression:  Function(f, [Variable(a)])
expression:  Variable(a)
expression:  Function(f, [Variable(a)])
expression:  Variable(a)
expression:  Function(f, [Variable(a)])
expression:  Variable(a)
expression:  Function(f, [Variable(a)])
expression:  Variable(a)
expression:  Function(f, [Variable(a)])
expression:  Variable(a)
expression:  Function(f, [Variable(a)])
expression:  Variable(a)
expression:  Function(f, [Variable(a)])
expression:  Variable(a)
expression:  Function(f, [Variable(a)])
expression:  Variable(a)
expression:  Function(f, [Variable(a)])
expression:  Variable(a)
expression:  Function(f, [Variable(a)])
expression:  Variable(a)
expression:  Function(f, [Variable(a)])
expression:  Variable(a)
expression:  Function(f, [Variable(a)])
expression:  Variable(a)
expression:  Function(f, [Variable(a)])
expression:  Variable(a)
expression:  Function(f, [Variable(a)])
expression:  Variable(a)
expression:  Function(f, [Variable(a)])
expression:  Variable(a)
expression:  Function(f, [Variable(a)])
expression:  Variable(a)
expression:  Function(f, [Variable(a)])
expression:  Variable(a)
expression:  Function(f, [Variable(a)])
expression:  Variable(a)
expression:  Function(f, [Variable(a)])
expression:  Variable(a)
expression:  Function(f, [Variable(a)])
expression:  Variable(a)
expression:  Function(f, [Variable(a)])
expression:  Variable(a)
expression:  Function(f, [Variable(a)])
expression:  Variable(a)
expression:  Function(f, [Variable(a)])
expression:  Variable(a)
expression:  Function(f, [Variable(a)])
expression:  Variable(a)
expression:  Function(f, [Variable(a)])
expression:  Variable(a)
expression:  Function(f, [Variable(a)])
expression:  Variable(a)
expression:  Function(f, [Variable(a)])
expression:  Variable(a)
expression:  Function(f, [Variable(a)])
expression:  Variable(a)
expression:  Function(f, [Variable(a)])
expression:  Variable(a)
expression:  Function(f, [Variable(a)])
expression:  Variable(a)
expression:  Function(f, [Variable(a)])
expression:  Variable(a)
expression:  Function(f, [Variable(a)])
expression:  Variable(a)
expression:  Function(f, [Variable(a)])
expression:  Variable(a)
expression:  Function(f, [Variable(a)])
expression:  Variable(a)
expression:  Function(f, [Variable(a)])
expression:  Variable(a)
expression:  Function(f, [Variable(a)])
expression:  Variable(a)
expression:  Function(f, [Variable(a)])
expression:  Variable(a)
expression:  Function(f, [Variable(a)])
expression:  Variable(a)
expression:  Function(f, [Variable(a)])
expression:  Variable(a)
expression:  Function(f, [Variable(a)])
expression:  Variable(a)
expression:  Function(f, [Variable(a)])
expression:  Variable(a)
expression:  Function(f, [Variable(a)])
expression:  Variable(a)
expression:  Function(f, [Variable(a)])
expression:  Variable(a)
expression:  Function(f, [Variable(a)])
expression:  Variable(a)
expression:  Function(f, [Variable(a)])
expression:  Variable(a)
expression:  Function(f, [Variable(a)])
expression:  Variable(a)
expression:  Function(f, [Variable(a)])
expression:  Variable(a)
expression:  Function(f, [Variable(a)])
expression:  Variable(a)
expression:  Function(f, [Variable(a)])
expression:  Variable(a)
expression:  Function(f, [Variable(a)])
expression:  Variable(a)
expression:  Function(f, [Variable(a)])
expression:  Variable(a)
expression:  Function(f, [Variable(a)])
expression:  Variable(a)
expression:  Function(f, [Variable(a)])
expression:  Variable(a)
expression:  Function(f, [Variable(a)])
expression:  Variable(a)
expression:  Function(f, [Variable(a)])
expression:  Variable(a)
expression:  Function(f, [Variable(a)])
expression:  Variable(a)
expression:  Function(f, [Variable(a)])
expression:  Variable(a)
expression:  Function(f, [Variable(a)])
expression:  Variable(a)
expression:  Function(f, [Variable(a)])
expression:  Variable(a)
expression:  Function(f, [Variable(a)])
expression:  Variable(a)
expression:  Function(f, [Variable(a)])
expression:  Variable(a)
expression:  Function(f, [Variable(a)])
expression:  Variable(a)
expression:  Function(f, [Variable(a)])
expression:  Variable(a)
expression:  Function(f, [Variable(a)])
expression:  Variable(a)
expression:  Function(f, [Variable(a)])
expression:  Variable(a)
expression:  Function(f, [Variable(a)])
expression:  Variable(a)
expression:  Function(f, [Variable(a)])
expression:  Variable(a)
expression:  Function(f, [Variable(a)])
expression:  Variable(a)
expression:  Function(f, [Variable(a)])
expression:  Variable(a)
expression:  Function(f, [Variable(a)])
expression:  Variable(a)
expression:  Function(f, [Variable(a)])
expression:  Variable(a)
expression:  Function(f, [Variable(a)])
expression:  Variable(a)
expression:  Function(f, [Variable(a)])
expression:  Variable(a)
expression:  Function(f, [Variable(a)])
expression:  Variable(a)
expression:  Function(f, [Variable(a)])
expression:  Variable(a)
expression:  Function(f, [Variable(a)])
expression:  Variable(a)
expression:  Function(f, [Variable(a)])
expression:  Variable(a)
expression:  Function(f, [Variable(a)])
expression:  Variable(a)
expression:  Function(f, [Variable(a)])
expression:  Variable(a)
expression:  Function(f, [Variable(a)])
expression:  Variable(a)
expression:  Function(f, [Variable(a)])
expression:  Variable(a)
expression:  Function(f, [Variable(a)])
expression:  Variable(a)
expression:  Function(f, [Variable(a)])
expression:  Variable(a)
expression:  Function(f, [Variable(a)])
expression:  Variable(a)
expression:  Function(f, [Variable(a)])
expression:  Variable(a)
expression:  Function(f, [Variable(a)])
expression:  Variable(a)
expression:  Function(f, [Variable(a)])
expression:  Variable(a)
expression:  Function(f, [Variable(a)])
expression:  Variable(a)
expression:  Function(f, [Variable(a)])
expression:  Variable(a)
expression:  Function(f, [Variable(a)])
expression:  Variable(a)
expression:  Function(f, [Variable(a)])
expression:  Variable(a)
expression:  Function(f, [Variable(a)])
expression:  Variable(a)
expression:  Function(f, [Variable(a)])
expression:  Variable(a)
expression:  Function(f, [Variable(a)])
expression:  Variable(a)
expression:  Function(f, [Variable(a)])
expression:  Variable(a)
expression:  Function(f, [Variable(a)])
expression:  Variable(a)
expression:  Function(f, [Variable(a)])
expression:  Variable(a)
expression:  Function(f, [Variable(a)])
expression:  Variable(a)
expression:  Function(f, [Variable(a)])
expression:  Variable(a)
expression:  Function(f, [Variable(a)])
expression:  Variable(a)
expression:  Function(f, [Variable(a)])
expression:  Variable(a)
expression:  Function(f, [Variable(a)])
expression:  Variable(a)
expression:  Function(f, [Variable(a)])
expression:  Variable(a)
expression:  Function(f, [Variable(a)])
expression:  Variable(a)
expression:  Function(f, [Variable(a)])
expression:  Variable(a)
expression:  Function(f, [Variable(a)])
expression:  Variable(a)
expression:  Function(f, [Variable(a)])
expression:  Variable(a)
expression:  Function(f, [Variable(a)])
expression:  Variable(a)
expression:  Function(f, [Variable(a)])
expression:  Variable(a)
expression:  Function(f, [Variable(a)])
expression:  Variable(a)
expression:  Function(f, [Variable(a)])
expression:  Variable(a)
expression:  Function(f, [Variable(a)])
expression:  Variable(a)
expression:  Function(f, [Variable(a)])
expression:  Variable(a)
expression:  Function(f, [Variable(a)])
expression:  Variable(a)
expression:  Function(f, [Variable(a)])
expression:  Variable(a)
expression:  Function(f, [Variable(a)])
expression:  Variable(a)
expression:  Function(f, [Variable(a)])
expression:  Variable(a)
expression:  Function(f, [Variable(a)])
expression:  Variable(a)
expression:  Function(f, [Variable(a)])
expression:  Variable(a)
expression:  Function(f, [Variable(a)])
expression:  Variable(a)
expression:  Function(f, [Variable(a)])
expression:  Variable(a)
expression:  Function(f, [Variable(a)])
expression:  Variable(a)
expression:  Function(f, [Variable(a)])
expression:  Variable(a)
expression:  Function(f, [Variable(a)])
expression:  Variable(a)
expression:  Function(f, [Variable(a)])
expression:  Variable(a)
expression:  Function(f, [Variable(a)])
expression:  Variable(a)
expression:  Function(f, [Variable(a)])
expression:  Variable(a)
expression:  Function(f, [Variable(a)])
expression:  Variable(a)
expression:  Function(f, [Variable(a)])
expression:  Variable(a)
expression:  Function(f, [Variable(a)])
expression:  Variable(a)
expression:  Function(f, [Variable(a)])
expression:  Variable(a)
expression:  Function(f, [Variable(a)])
expression:  Variable(a)
expression:  Function(f, [Variable(a)])
expression:  Variable(a)
expression:  Function(f, [Variable(a)])
expression:  Variable(a)
expression:  Function(f, [Variable(a)])
expression:  Variable(a)
expression:  Function(f, [Variable(a)])
expression:  Variable(a)
expression:  Function(f, [Variable(a)])
expression:  Variable(a)
expression:  Function(f, [Variable(a)])
expression:  Variable(a)
expression:  Function(f, [Variable(a)])
expression:  Variable(a)
expression:  Function(f, [Variable(a)])
expression:  Variable(a)
expression:  Function(f, [Variable(a)])
expression:  Variable(a)
expression:  Function(f, [Variable(a)])
expression:  Variable(a)
expression:  Function(f, [Variable(a)])
expression:  Variable(a)
expression:  Function(f, [Variable(a)])
expression:  Variable(a)
expression:  Function(f, [Variable(a)])
expression:  Variable(a)
expression:  Function(f, [Variable(a)])
expression:  Variable(a)
expression:  Function(f, [Variable(a)])
expression:  Variable(a)
expression:  Function(f, [Variable(a)])
expression:  Variable(a)
expression:  Function(f, [Variable(a)])
expression:  Variable(a)
expression:  Function(f, [Variable(a)])
expression:  Variable(a)
expression:  Function(f, [Variable(a)])
expression:  Variable(a)
expression:  Function(f, [Variable(a)])
expression:  Variable(a)
expression:  Function(f, [Variable(a)])
expression:  Variable(a)
expression:  Function(f, [Variable(a)])
expression:  Variable(a)
expression:  Function(f, [Variable(a)])
expression:  Variable(a)
expression:  Function(f, [Variable(a)])
expression:  Variable(a)
expression:  Function(f, [Variable(a)])
expression:  Variable(a)
expression:  Function(f, [Variable(a)])
expression:  Variable(a)
expression:  Function(f, [Variable(a)])
expression:  Variable(a)
expression:  Function(f, [Variable(a)])
expression:  Variable(a)
expression:  Function(f, [Variable(a)])
expression:  Variable(a)
expression:  Function(f, [Variable(a)])
expression:  Variable(a)
expression:  Function(f, [Variable(a)])
expression:  Variable(a)
expression:  Function(f, [Variable(a)])
expression:  Variable(a)
expression:  Function(f, [Variable(a)])
expression:  Variable(a)
expression:  Function(f, [Variable(a)])
expression:  Variable(a)
expression:  Function(f, [Variable(a)])
expression:  Variable(a)
expression:  Function(f, [Variable(a)])
expression:  Variable(a)
expression:  Function(f, [Variable(a)])
expression:  Variable(a)
expression:  Function(f, [Variable(a)])
expression:  Variable(a)
expression:  Function(f, [Variable(a)])
expression:  Variable(a)
expression:  Function(f, [Variable(a)])
expression:  Variable(a)
expression:  Function(f, [Variable(a)])
expression:  Variable(a)
expression:  Function(f, [Variable(a)])
expression:  Variable(a)
expression:  Function(f, [Variable(a)])
expression:  Variable(a)
expression:  Function(f, [Variable(a)])
expression:  Variable(a)
expression:  Function(f, [Variable(a)])
expression:  Variable(a)
expression:  Function(f, [Variable(a)])
expression:  Variable(a)
expression:  Function(f, [Variable(a)])
expression:  Variable(a)
expression:  Function(f, [Variable(a)])
expression:  Variable(a)
expression:  Function(f, [Variable(a)])
expression:  Variable(a)
expression:  Function(f, [Variable(a)])
expression:  Variable(a)
expression:  Function(f, [Variable(a)])
expression:  Variable(a)
expression:  Function(f, [Variable(a)])
expression:  Variable(a)
expression:  Function(f, [Variable(a)])
expression:  Variable(a)
expression:  Function(f, [Variable(a)])
expression:  Variable(a)
expression:  Function(f, [Variable(a)])
expression:  Variable(a)
expression:  Function(f, [Variable(a)])
expression:  Variable(a)
expression:  Function(f, [Variable(a)])
expression:  Variable(a)
expression:  Function(f, [Variable(a)])
expression:  Variable(a)
expression:  Function(f, [Variable(a)])
expression:  Variable(a)
expression:  Function(f, [Variable(a)])
expression:  Variable(a)
expression:  Function(f, [Variable(a)])
expression:  Variable(a)
expression:  Function(f, [Variable(a)])
expression:  Variable(a)
expression:  Function(f, [Variable(a)])
expression:  Variable(a)
expression:  Function(f, [Variable(a)])
expression:  Variable(a)
expression:  Function(f, [Variable(a)])
expression:  Variable(a)
expression:  Function(f, [Variable(a)])
expression:  Variable(a)
expression:  Function(f, [Variable(a)])
expression:  Variable(a)
expression:  Function(f, [Variable(a)])
expression:  Variable(a)
expression:  Function(f, [Variable(a)])
expression:  Variable(a)
expression:  Function(f, [Variable(a)])
expression:  Variable(a)
expression:  Function(f, [Variable(a)])
expression:  Variable(a)
expression:  Function(f, [Variable(a)])
expression:  Variable(a)
expression:  Function(f, [Variable(a)])
expression:  Variable(a)
expression:  Function(f, [Variable(a)])
expression:  Variable(a)
expression:  Function(f, [Variable(a)])
expression:  Variable(a)
expression:  Function(f, [Variable(a)])
expression:  Variable(a)
expression:  Function(f, [Variable(a)])
expression:  Variable(a)
expression:  Function(f, [Variable(a)])
expression:  Variable(a)
expression:  Function(f, [Variable(a)])
expression:  Variable(a)
expression:  Function(f, [Variable(a)])
expression:  Variable(a)
expression:  Function(f, [Variable(a)])
expression:  Variable(a)
expression:  Function(f, [Variable(a)])
expression:  Variable(a)
expression:  Function(f, [Variable(a)])
expression:  Variable(a)
expression:  Function(f, [Variable(a)])
expression:  Variable(a)
expression:  Function(f, [Variable(a)])
expression:  Variable(a)
expression:  Function(f, [Variable(a)])
expression:  Variable(a)
expression:  Function(f, [Variable(a)])
expression:  Variable(a)
expression:  Function(f, [Variable(a)])
expression:  Variable(a)
expression:  Function(f, [Variable(a)])
expression:  Variable(a)
expression:  Function(f, [Variable(a)])
expression:  Variable(a)
expression:  Function(f, [Variable(a)])
expression:  Variable(a)
expression:  Function(f, [Variable(a)])
expression:  Variable(a)
expression:  Function(f, [Variable(a)])
expression:  Variable(a)
expression:  Function(f, [Variable(a)])
expression:  Variable(a)
expression:  Function(f, [Variable(a)])
expression:  Variable(a)
expression:  Function(f, [Variable(a)])
expression:  Variable(a)
expression:  Function(f, [Variable(a)])
expression:  Variable(a)
expression:  Function(f, [Variable(a)])
expression:  Variable(a)
expression:  Function(f, [Variable(a)])
expression:  Variable(a)
expression:  Function(f, [Variable(a)])
expression:  Variable(a)
expression:  Function(f, [Variable(a)])
expression:  Variable(a)
expression:  Function(f, [Variable(a)])
expression:  Variable(a)
expression:  Function(f, [Variable(a)])
expression:  Variable(a)
expression:  Function(f, [Variable(a)])
expression:  Variable(a)
expression:  Function(f, [Variable(a)])
expression:  Variable(a)
expression:  Function(f, [Variable(a)])
expression:  Variable(a)
expression:  Function(f, [Variable(a)])
expression:  Variable(a)
expression:  Function(f, [Variable(a)])
expression:  Variable(a)
expression:  Function(f, [Variable(a)])
expression:  Variable(a)
expression:  Function(f, [Variable(a)])
expression:  Variable(a)
expression:  Function(f, [Variable(a)])
expression:  Variable(a)
expression:  Function(f, [Variable(a)])
expression:  Variable(a)
expression:  Function(f, [Variable(a)])
expression:  Variable(a)
expression:  Function(f, [Variable(a)])
expression:  Variable(a)
expression:  Function(f, [Variable(a)])
expression:  Variable(a)
expression:  Function(f, [Variable(a)])
expression:  Variable(a)
expression:  Function(f, [Variable(a)])
expression:  Variable(a)
expression:  Function(f, [Variable(a)])
expression:  Variable(a)
expression:  Function(f, [Variable(a)])
expression:  Variable(a)
expression:  Function(f, [Variable(a)])
expression:  Variable(a)
expression:  Function(f, [Variable(a)])
expression:  Variable(a)
expression:  Function(f, [Variable(a)])
expression:  Variable(a)
expression:  Function(f, [Variable(a)])
expression:  Variable(a)
expression:  Function(f, [Variable(a)])
expression:  Variable(a)
expression:  Function(f, [Variable(a)])
expression:  Variable(a)
expression:  Function(f, [Variable(a)])
expression:  Variable(a)
expression:  Function(f, [Variable(a)])
expression:  Variable(a)
expression:  Function(f, [Variable(a)])
expression:  Variable(a)
expression:  Function(f, [Variable(a)])
expression:  Variable(a)
expression:  Function(f, [Variable(a)])
expression:  Variable(a)
expression:  Function(f, [Variable(a)])
expression:  Variable(a)
expression:  Function(f, [Variable(a)])
expression:  Variable(a)
expression:  Function(f, [Variable(a)])
expression:  Variable(a)
expression:  Function(f, [Variable(a)])
expression:  Variable(a)
expression:  Function(f, [Variable(a)])
expression:  Variable(a)
expression:  Function(f, [Variable(a)])
expression:  Variable(a)
expression:  Function(f, [Variable(a)])
expression:  Variable(a)
expression:  Function(f, [Variable(a)])
expression:  Variable(a)
expression:  Function(f, [Variable(a)])
expression:  Variable(a)
expression:  Function(f, [Variable(a)])
expression:  Variable(a)
expression:  Function(f, [Variable(a)])
expression:  Variable(a)
expression:  Function(f, [Variable(a)])
expression:  Variable(a)
expression:  Function(f, [Variable(a)])
expression:  Variable(a)
expression:  Function(f, [Variable(a)])
expression:  Variable(a)
expression:  Function(f, [Variable(a)])
expression:  Variable(a)
expression:  Function(f, [Variable(a)])
expression:  Variable(a)
expression:  Function(f, [Variable(a)])
expression:  Variable(a)
expression:  Function(f, [Variable(a)])
expression:  Variable(a)
expression:  Function(f, [Variable(a)])
expression:  Variable(a)
expression:  Function(f, [Variable(a)])
expression:  Variable(a)
expression:  Function(f, [Variable(a)])
expression:  Variable(a)
expression:  Function(f, [Variable(a)])
expression:  Variable(a)
expression:  Function(f, [Variable(a)])
expression:  Variable(a)
expression:  Function(f, [Variable(a)])
expression:  Variable(a)
expression:  Function(f, [Variable(a)])
expression:  Variable(a)
expression:  Function(f, [Variable(a)])
expression:  Variable(a)
expression:  Function(f, [Variable(a)])
expression:  Variable(a)
expression:  Function(f, [Variable(a)])
expression:  Variable(a)
expression:  Function(f, [Variable(a)])
expression:  Variable(a)
expression:  Function(f, [Variable(a)])
expression:  Variable(a)
expression:  Function(f, [Variable(a)])
expression:  Variable(a)
expression:  Function(f, [Variable(a)])
expression:  Variable(a)
expression:  Function(f, [Variable(a)])
expression:  Variable(a)
expression:  Function(f, [Variable(a)])
expression:  Variable(a)
expression:  Function(f, [Variable(a)])
expression:  Variable(a)
expression:  Function(f, [Variable(a)])
expression:  Variable(a)
expression:  Function(f, [Variable(a)])
expression:  Variable(a)
expression:  Function(f, [Variable(a)])
expression:  Variable(a)
expression:  Function(f, [Variable(a)])
expression:  Variable(a)
expression:  Function(f, [Variable(a)])
expression:  Variable(a)
expression:  Function(f, [Variable(a)])
expression:  Variable(a)
expression:  Function(f, [Variable(a)])
expression:  Variable(a)
expression:  Function(f, [Variable(a)])
expression:  Variable(a)
expression:  Function(f, [Variable(a)])
expression:  Variable(a)
expression:  Function(f, [Variable(a)])
expression:  Variable(a)
expression:  Function(f, [Variable(a)])
expression:  Variable(a)
expression:  Function(f, [Variable(a)])
expression:  Variable(a)
expression:  Function(f, [Variable(a)])
expression:  Variable(a)
expression:  Function(f, [Variable(a)])
expression:  Variable(a)
expression:  Function(f, [Variable(a)])
expression:  Variable(a)
expression:  Function(f, [Variable(a)])
expression:  Variable(a)
expression:  Function(f, [Variable(a)])
expression:  Variable(a)
expression:  Function(f, [Variable(a)])
expression:  Variable(a)
expression:  Function(f, [Variable(a)])
expression:  Variable(a)
expression:  Function(f, [Variable(a)])
expression:  Variable(a)
expression:  Function(f, [Variable(a)])
expression:  Variable(a)
expression:  Function(f, [Variable(a)])
expression:  Variable(a)
expression:  Function(f, [Variable(a)])
expression:  Variable(a)
expression:  Function(f, [Variable(a)])
expression:  Variable(a)
expression:  Function(f, [Variable(a)])
expression:  Variable(a)
expression:  Function(f, [Variable(a)])
expression:  Variable(a)
expression:  Function(f, [Variable(a)])
expression:  Variable(a)
expression:  Function(f, [Variable(a)])
expression:  Variable(a)
expression:  Function(f, [Variable(a)])
expression:  Variable(a)
expression:  Function(f, [Variable(a)])
expression:  Variable(a)
expression:  Function(f, [Variable(a)])
expression:  Variable(a)
expression:  Function(f, [Variable(a)])
expression:  Variable(a)
expression:  Function(f, [Variable(a)])
